C51 COMPILER V8.18   PCF8563                                                               12/02/2011 10:33:00 PAGE 1   


C51 COMPILER V8.18, COMPILATION OF MODULE PCF8563
OBJECT MODULE PLACED IN PCF8563.OBJ
COMPILER INVOKED BY: D:\Program Files\Keil\C51\BIN\C51.EXE PCF8563.c BROWSE INCDIR(.\library) DEBUG OBJECTEXTEND

line level    source

   1          /********************************************************************************************************
   2          *
   3          * File                : PCF8563.c
   4          * Hardware Environment: DVK501 && F320 EX
   5          * Build Environment   : uVision3 V3.80 20100913
   6          * Version             : 
   7          * By                  : Su Wei Feng
   8          *
   9          *                                  (c) Copyright 2005-2010, WaveShare
  10          *                                       http://www.waveshare.net
  11          *                                          All Rights Reserved
  12          *
  13          *********************************************************************************************************/
  14          
  15          #define _DVK501_F320_EX_ 
  16          
  17          #include <c8051f320.h>
  18          #include <ws_clock.h>
  19          #include <ws_delay.h>
  20          #include <ws_iic_port.h>
  21          #include <ws_pcf8563_port.h>
  22          #include <ws_lcd_st7920_port.h>
  23          
  24          void main(void)
  25          {       
  26   1              uchar time[3],tmp=0;
  27   1              PCA0MD &= ~0x40;            // Clear watchdog timer enable
  28   1              clock_external();                       // Set oscillator in external,the clock is 12M
  29   1              delay_ms(100);
  30   1              Check_SDA();    
  31   1              XBR1 = 0x40;                // Enable crossbar and weak pull-ups
  32   1              SPI_Init();
  33   1              st7920LcdInit();
  34   1              showLine(0,0,lcd_buffer,"PCF8563 Example");
  35   1              showLine(0,1,lcd_buffer,"Set Time: OK");
  36   1              showLine(0,2,lcd_buffer,"Read Time:");
  37   1              refreshLCD(lcd_buffer); 
  38   1      
  39   1              SMBus_Init();
  40   1              Enb_Interrupt(); 
  41   1              PCF8563_init(); 
  42   1              PCF8563_setTime(12,0,0); 
  43   1              delay_ms(10);
  44   1      
  45   1              while(1)
  46   1              {       
  47   2                      PCF8563_getTime(time);
  48   2                      if(time[0]!=tmp)
  49   2                      {
  50   3                              showLine(8,3,lcd_buffer,"%d2:%d2:%d2",time[2],time[1],time[0]);
  51   3                              refreshLCD(lcd_buffer);
  52   3                      }
  53   2                      tmp=time[0];
  54   2              }
  55   1      }
C51 COMPILER V8.18   PCF8563                                                               12/02/2011 10:33:00 PAGE 2   



MODULE INFORMATION:   STATIC OVERLAYABLE
   CODE SIZE        =   1831    ----
   CONSTANT SIZE    =     52    ----
   XDATA SIZE       =   ----    ----
   PDATA SIZE       =   ----    ----
   DATA SIZE        =     10      66
   IDATA SIZE       =     64    ----
   BIT SIZE         =      2       1
END OF MODULE INFORMATION.


C51 COMPILATION COMPLETE.  0 WARNING(S),  0 ERROR(S)
